
> porfolio@0.1.0 build E:\DOWNLOADS\portfolio-main
> next build

Starting content-collections content-collections.ts
build started ...
... finished build of 1 collection and 7 documents in 415ms
Γû▓ Next.js 16.1.1 (Turbopack)
- Environments: .env

  Creating an optimized production build ...
Γ£ô Compiled successfully in 88s
  Running TypeScript ...
  Collecting page data using 3 workers ...
  Generating static pages using 3 workers (0/23) ...
  Generating static pages using 3 workers (5/23) 
  Generating static pages using 3 workers (11/23) 
  Generating static pages using 3 workers (17/23) 
Γ£ô Generating static pages using 3 workers (23/23) in 3.8s
  Finalizing page optimization ...

Route (app)
Γöî Γùï /
Γö£ Γùï /_not-found
Γö£ Γùï /aimlab
Γö£ Γùï /aimlab/leaderboard
Γö£ ╞Æ /api/analytics/umami/visitors
Γö£ ╞Æ /api/leaderboard
Γö£ ╞Æ /api/score
Γö£ ╞Æ /blog
Γö£ ΓùÅ /blog/[slug]
Γöé Γö£ /blog/api-design-principles
Γöé Γö£ /blog/building-design-systems
Γöé Γö£ /blog/git-workflow-guide
Γöé Γöö [+4 more paths]
Γö£ ╞Æ /blog/[slug]/opengraph-image
Γö£ ╞Æ /blog/opengraph-image
Γö£ Γùï /click
Γö£ Γùï /click/leaderboard
Γö£ ╞Æ /opengraph-image
Γö£ Γùï /resume
Γö£ Γùï /typing
Γö£ Γùï /typing/leaderboard
Γöö Γùï /work


Γùï  (Static)   prerendered as static content
ΓùÅ  (SSG)      prerendered as static HTML (uses generateStaticParams)
╞Æ  (Dynamic)  server-rendered on demand

